
reseek v3.0.i86linux64 [b61d84d]
../binaries/reseek -search ../data/cdn.bcb -db ../big_search_dbs/esm30.bcb -sensitive -stats sf -pvalue 1e-6 -columns query+target+pvalue -output cdn_esm30.hits -log cdn_search.esm30.log 
Started Mon Aug 24 09:32:47 2026
[default_alphadir]: aa20+angle32+mendist32+nendist32+nensec32+pack32+pendist32+pm2+pmdd32+ppack32+rendist32+sec32+turnd32
sensitive sf

      0.89  open
     0.089  ext
      0.95  self_w
      0.64  rev_w
     0.045  lddt_w
         0  lddtx_w
  0.000175  dali_w
         0  dalix_w
       0.5  nu_filter_self_w
      0.29  nu_filter_rev_w
       114  nu_filter_min_fwd_score
        40  nu_filter_min_combined_score
         4  kappa_kmer_nrones
         7  kappa_kmer_width
   1048576  kappa_dict_size
        55  kappa_min_kmerpairscore
         0  kappa_min_diagscore
        32  kappa_min_chainlength
      3000  rsb_size
         0  kappa_hsp_rsb_prune
        33  kappa_max_pos_logodds
         0  kappa_onehitdiag
         0  kappa_twohitdiag
         1  hsp_align
         0  hsp_align_check
       500  hsp_align_min_length
        20  hsp_x2
           kappa_diag_mode  unique_fine
        12  nn_min_offset
       256  distmx_bandwidth
         5  turnd_w
         4  angle_n
LDDT: R0=15 thresholds 0.5 1.0 2.0 4.0

13 alphas, sum_sizes=374
      aa20    0.528  ■■■■■■■■■■■■■■■■■■■■■■■■■■■■■■■■■■■■■■■■■■
 nendist32    0.118  ■■■■■■■■■
    pack32    0.088  ■■■■■■■
   angle32    0.087  ■■■■■■
     sec32    0.059  ■■■■
   turnd32    0.035  ■■
 rendist32    0.022  ■
  nensec32    0.016  ■
 pendist32    0.015  ■
       pm2    0.014  ■
 mendist32    0.008  o
    pmdd32    0.008  o
   ppack32    0.002  o
     TOTAL    1.000
Index query k-mer neighborhoods
Kappa diag mode unique_fine
Kappa BCB batch_size=64  NDB=34639675 threads=80 units=541245
Kappa prefilter hits  48.0k
Kappa filter stats  NQ=16 NDB=34639675 B=3000 idx_postings=268956
  targets=34639675 skipped=0 postings_visited=64470614059 prehsp=34619570524
  hsp=34619570524 hsp_prune=0 hsp_cells=6648135601491 rsb_qt=554036207 rsb_sat=16
Kappa thread balance  nthreads=80 busy=80 batches=541245 max_secs=932 min_busy_secs=932 sum_secs=74560
Kappa phases pct  seed=6 diag=4 hsp=89 rsb=0
  thr0  batches=6717 targets=429888 hsp=428503163 hsp_cells=82171234561 secs=932
  thr1  batches=6747 targets=431808 hsp=431830541 hsp_cells=82979203103 secs=932
  thr2  batches=6783 targets=434112 hsp=433999913 hsp_cells=83271873295 secs=932
  thr3  batches=6799 targets=435136 hsp=434740333 hsp_cells=83466017830 secs=932
  thr4  batches=6772 targets=433408 hsp=434456424 hsp_cells=83551075719 secs=932
  thr5  batches=6712 targets=429568 hsp=429899834 hsp_cells=82584950718 secs=932
  thr6  batches=6793 targets=434752 hsp=433973821 hsp_cells=83244038299 secs=932
  thr7  batches=6691 targets=428224 hsp=428910472 hsp_cells=82482787163 secs=932
  thr8  batches=6699 targets=428736 hsp=428454584 hsp_cells=82245517937 secs=932
  thr9  batches=6799 targets=435136 hsp=435189512 hsp_cells=83657627153 secs=932
  thr10  batches=6800 targets=435200 hsp=434677640 hsp_cells=83478543622 secs=932
  thr11  batches=6761 targets=432704 hsp=432911775 hsp_cells=83260026194 secs=932
  thr12  batches=6847 targets=438208 hsp=438450654 hsp_cells=84147686425 secs=932
  thr13  batches=6761 targets=432704 hsp=432794618 hsp_cells=83144384212 secs=932
  thr14  batches=6749 targets=431936 hsp=431982520 hsp_cells=83082019286 secs=932
  thr15  batches=6656 targets=425984 hsp=426410916 hsp_cells=81909352871 secs=932
  thr16  batches=6762 targets=432768 hsp=431823484 hsp_cells=82944077615 secs=932
  thr17  batches=6806 targets=435584 hsp=435083224 hsp_cells=83576720364 secs=932
  thr18  batches=6756 targets=432384 hsp=431820734 hsp_cells=82967361182 secs=932
  thr19  batches=6751 targets=432064 hsp=432459605 hsp_cells=83110660499 secs=932
  thr20  batches=6748 targets=431872 hsp=430121460 hsp_cells=82525607632 secs=932
  thr21  batches=6714 targets=429696 hsp=430067580 hsp_cells=82669089659 secs=932
  thr22  batches=6812 targets=435968 hsp=435477471 hsp_cells=83591418422 secs=932
  thr23  batches=6782 targets=434048 hsp=433925758 hsp_cells=83376354958 secs=932
  thr24  batches=6777 targets=433728 hsp=433723870 hsp_cells=83322365296 secs=932
  thr25  batches=6711 targets=429504 hsp=429181241 hsp_cells=82466915336 secs=932
  thr26  batches=6746 targets=431744 hsp=432385460 hsp_cells=83104149720 secs=932
  thr27  batches=6768 targets=433152 hsp=433863057 hsp_cells=83297306954 secs=932
  thr28  batches=6827 targets=436928 hsp=436582212 hsp_cells=83867221485 secs=932
  thr29  batches=6738 targets=431232 hsp=431305596 hsp_cells=82834964779 secs=932
  thr30  batches=6853 targets=438592 hsp=438219105 hsp_cells=84149094691 secs=932
  thr31  batches=6796 targets=434944 hsp=435207423 hsp_cells=83601448104 secs=932
  thr32  batches=6808 targets=435712 hsp=434046386 hsp_cells=83206211906 secs=932
  thr33  batches=6793 targets=434752 hsp=433790087 hsp_cells=83222798746 secs=932
  thr34  batches=6735 targets=431040 hsp=429655329 hsp_cells=82386198969 secs=932
  thr35  batches=6743 targets=431552 hsp=430793156 hsp_cells=82640871711 secs=932
  thr36  batches=6810 targets=435840 hsp=436022069 hsp_cells=83755727281 secs=932
  thr37  batches=6817 targets=436288 hsp=436018541 hsp_cells=83667266269 secs=932
  thr38  batches=6848 targets=438272 hsp=437131505 hsp_cells=83819856244 secs=932
  thr39  batches=6738 targets=431232 hsp=430735209 hsp_cells=82750689890 secs=932
  thr40  batches=6861 targets=439104 hsp=439387899 hsp_cells=84404860401 secs=932
  thr41  batches=6849 targets=438336 hsp=437172864 hsp_cells=83866934909 secs=932
  thr42  batches=6702 targets=428928 hsp=428116813 hsp_cells=82137139338 secs=932
  thr43  batches=6800 targets=435200 hsp=435518492 hsp_cells=83651640846 secs=932
  thr44  batches=6713 targets=429632 hsp=429825786 hsp_cells=82601024867 secs=932
  thr45  batches=6716 targets=429824 hsp=429243916 hsp_cells=82388551880 secs=932
  thr46  batches=6783 targets=434112 hsp=433787777 hsp_cells=83269484412 secs=932
  thr47  batches=6782 targets=434048 hsp=434224148 hsp_cells=83411778862 secs=932
  thr48  batches=6720 targets=430080 hsp=429230401 hsp_cells=82427494260 secs=932
  thr49  batches=6716 targets=429824 hsp=429444223 hsp_cells=82421689522 secs=932
  thr50  batches=6741 targets=431424 hsp=430755365 hsp_cells=82730189516 secs=932
  thr51  batches=6701 targets=428864 hsp=428024104 hsp_cells=82182185127 secs=932
  thr52  batches=6843 targets=437952 hsp=437302870 hsp_cells=83939010901 secs=932
  thr53  batches=6786 targets=434304 hsp=433641790 hsp_cells=83188697076 secs=932
  thr54  batches=6786 targets=434304 hsp=434301870 hsp_cells=83456917191 secs=932
  thr55  batches=6702 targets=428928 hsp=428878397 hsp_cells=82375470255 secs=932
  thr56  batches=6796 targets=434944 hsp=436042721 hsp_cells=83909841095 secs=932
  thr57  batches=6783 targets=434112 hsp=433399401 hsp_cells=83178355549 secs=932
  thr58  batches=6663 targets=426432 hsp=426362369 hsp_cells=81948900274 secs=932
  thr59  batches=6772 targets=433403 hsp=433883263 hsp_cells=83304428675 secs=932
  thr60  batches=6791 targets=434624 hsp=434142447 hsp_cells=83294995206 secs=932
  thr61  batches=6805 targets=435520 hsp=436678600 hsp_cells=84065018901 secs=932
  thr62  batches=6789 targets=434496 hsp=434472089 hsp_cells=83472882454 secs=932
  thr63  batches=6736 targets=431104 hsp=430754949 hsp_cells=82719843200 secs=932
  thr64  batches=6823 targets=436672 hsp=436729961 hsp_cells=83834770264 secs=932
  thr65  batches=6698 targets=428672 hsp=426806058 hsp_cells=81817111994 secs=932
  thr66  batches=6784 targets=434176 hsp=434237536 hsp_cells=83374977020 secs=932
  thr67  batches=6714 targets=429696 hsp=430169453 hsp_cells=82602609141 secs=932
  thr68  batches=6835 targets=437440 hsp=437340285 hsp_cells=84014772211 secs=932
  thr69  batches=6810 targets=435840 hsp=435284574 hsp_cells=83542612569 secs=932
  thr70  batches=6824 targets=436736 hsp=435855550 hsp_cells=83551419718 secs=932
  thr71  batches=6705 targets=429120 hsp=427971027 hsp_cells=82105695890 secs=932
  thr72  batches=6796 targets=434944 hsp=434345733 hsp_cells=83357402826 secs=932
  thr73  batches=6760 targets=432640 hsp=433820573 hsp_cells=83330573139 secs=932
  thr74  batches=6728 targets=430592 hsp=429976821 hsp_cells=82565952561 secs=932
  thr75  batches=6766 targets=433024 hsp=432468365 hsp_cells=83009169675 secs=932
  thr76  batches=6748 targets=431872 hsp=431259828 hsp_cells=82838397989 secs=932
  thr77  batches=6717 targets=429888 hsp=429491258 hsp_cells=82541985107 secs=932
  thr78  batches=6732 targets=430848 hsp=431084619 hsp_cells=82849606320 secs=932
  thr79  batches=6744 targets=431616 hsp=431510047 hsp_cells=82920494250 secs=932
33435 targets, maxqpert 11
Kappa filter 932 secs
         0  Nu filter max accepts
     48000  Nu filter npair
       229  Nu filter nreject_fwd
      3945  Nu filter nreject_cmb
     43826  Nu filter pass
     10543  Mega filter reject
     30200  Mega filter pass
      3263  HSP Mega try
      3095  HSP Mega used
       168  HSP Mega reject (no full-SW fallback)
       168  HSP Mega reject low score/empty
         0  HSP Mega reject bad path
         0  HSP Mega long pair no seed
      3263  XDropHSP calls
      2979  XDropHSP ok merged
       283  XDropHSP ok fwd-only
         1  XDropHSP ok bwd-only
         0  XDropHSP fail empty
         0  XDropHSP fail span
        36  XDropHSP fail bwd lo
         0  XDropHSP fail not local (no terminal M)
       233  XDropHSP fwd no seed abut
        36  XDropHSP merge fell back to fwd
        97  XDropHSP path trimmed leading/trailing gaps
Nu filter 17 secs

Elapsed time 15:57
Max memory 4.14Gb
Finished Mon Aug 24 09:48:44 2026
Peak mem 4.53Gb, avg. CPU 26.9%
