
reseek v3.0.i86linux64 [b61d84d]
../binaries/reseek -search ../data/rdrp_abc_palmcore.bcb -db ../big_search_dbs/esm30.bcb -sensitive -stats sf -pvalue 1e-6 -columns query+target+pvalue -output esm30.hits -log rdrp_search.esm30.log 
Started Sun Aug 23 14:41:33 2026
[default_alphadir]: aa20+angle32+mendist32+nendist32+nensec32+pack32+pendist32+pm2+pmdd32+ppack32+rendist32+sec32+turnd32
sensitive sf

      0.89  open
     0.089  ext
      0.95  self_w
      0.64  rev_w
     0.045  lddt_w
         0  lddtx_w
  0.000175  dali_w
         0  dalix_w
       0.5  nu_filter_self_w
      0.29  nu_filter_rev_w
       114  nu_filter_min_fwd_score
        40  nu_filter_min_combined_score
         4  kappa_kmer_nrones
         7  kappa_kmer_width
   1048576  kappa_dict_size
        55  kappa_min_kmerpairscore
         0  kappa_min_diagscore
        32  kappa_min_chainlength
      3000  rsb_size
         0  kappa_hsp_rsb_prune
        33  kappa_max_pos_logodds
         0  kappa_onehitdiag
         0  kappa_twohitdiag
         1  hsp_align
         0  hsp_align_check
       500  hsp_align_min_length
        20  hsp_x2
           kappa_diag_mode  unique_fine
        12  nn_min_offset
       256  distmx_bandwidth
         5  turnd_w
         4  angle_n
LDDT: R0=15 thresholds 0.5 1.0 2.0 4.0

13 alphas, sum_sizes=374
      aa20    0.528  ■■■■■■■■■■■■■■■■■■■■■■■■■■■■■■■■■■■■■■■■■■
 nendist32    0.118  ■■■■■■■■■
    pack32    0.088  ■■■■■■■
   angle32    0.087  ■■■■■■
     sec32    0.059  ■■■■
   turnd32    0.035  ■■
 rendist32    0.022  ■
  nensec32    0.016  ■
 pendist32    0.015  ■
       pm2    0.014  ■
 mendist32    0.008  o
    pmdd32    0.008  o
   ppack32    0.002  o
     TOTAL    1.000
Index query k-mer neighborhoods
Kappa diag mode unique_fine
Kappa BCB batch_size=64  NDB=34639675 threads=80 units=541245
Kappa prefilter hits  87.0k
Kappa filter stats  NQ=29 NDB=34639675 B=3000 idx_postings=594994
  targets=34639675 skipped=0 postings_visited=113471318292 prehsp=70022409989
  hsp=70022409989 hsp_prune=0 hsp_cells=14524857392133 rsb_qt=1004459690 rsb_sat=29
Kappa thread balance  nthreads=80 busy=80 batches=541245 max_secs=680 min_busy_secs=680 sum_secs=54400
Kappa phases pct  seed=3 diag=3 hsp=92 rsb=0
  thr0  batches=8304 targets=531456 hsp=1074721815 hsp_cells=222941723787 secs=680
  thr1  batches=8302 targets=531328 hsp=1069361147 hsp_cells=221315257777 secs=680
  thr2  batches=6848 targets=438272 hsp=889004373 hsp_cells=184560368302 secs=680
  thr3  batches=7380 targets=472320 hsp=954452757 hsp_cells=197959521110 secs=680
  thr4  batches=5550 targets=355200 hsp=715323947 hsp_cells=148183947691 secs=680
  thr5  batches=6657 targets=426048 hsp=861681376 hsp_cells=178747739106 secs=680
  thr6  batches=6283 targets=402112 hsp=813259954 hsp_cells=168569413801 secs=680
  thr7  batches=6890 targets=440960 hsp=889847583 hsp_cells=184663017844 secs=680
  thr8  batches=6952 targets=444928 hsp=901891060 hsp_cells=187317070389 secs=680
  thr9  batches=4924 targets=315136 hsp=639849493 hsp_cells=133114265953 secs=680
  thr10  batches=5733 targets=366912 hsp=743530031 hsp_cells=154293185505 secs=680
  thr11  batches=5757 targets=368448 hsp=744439077 hsp_cells=154239945056 secs=680
  thr12  batches=4953 targets=316992 hsp=641362443 hsp_cells=133090287873 secs=680
  thr13  batches=4929 targets=315456 hsp=637094870 hsp_cells=132046638375 secs=680
  thr14  batches=6775 targets=433600 hsp=877224105 hsp_cells=181932446142 secs=680
  thr15  batches=6782 targets=434043 hsp=877283510 hsp_cells=182001299883 secs=680
  thr16  batches=6810 targets=435840 hsp=880136844 hsp_cells=182592235032 secs=680
  thr17  batches=6845 targets=438080 hsp=882394639 hsp_cells=182821243153 secs=680
  thr18  batches=6930 targets=443520 hsp=895988807 hsp_cells=185925749783 secs=680
  thr19  batches=6898 targets=441472 hsp=894515119 hsp_cells=185932482266 secs=680
  thr20  batches=8352 targets=534528 hsp=1079655602 hsp_cells=223768432650 secs=680
  thr21  batches=6822 targets=436608 hsp=882479790 hsp_cells=183023572432 secs=680
  thr22  batches=7364 targets=471296 hsp=952947021 hsp_cells=197469565620 secs=680
  thr23  batches=7353 targets=470592 hsp=952874477 hsp_cells=197688164391 secs=680
  thr24  batches=6917 targets=442688 hsp=896674913 hsp_cells=186274603402 secs=680
  thr25  batches=5585 targets=357440 hsp=722105677 hsp_cells=149724440900 secs=680
  thr26  batches=5894 targets=377216 hsp=763688137 hsp_cells=158635977613 secs=680
  thr27  batches=5929 targets=379456 hsp=766851338 hsp_cells=158988868254 secs=680
  thr28  batches=7928 targets=507392 hsp=1026593371 hsp_cells=212920112993 secs=680
  thr29  batches=7960 targets=509440 hsp=1030042200 hsp_cells=213862960819 secs=680
  thr30  batches=8116 targets=519424 hsp=1051114995 hsp_cells=218187386673 secs=680
  thr31  batches=4937 targets=315968 hsp=637361448 hsp_cells=131974182888 secs=680
  thr32  batches=8273 targets=529472 hsp=1069513100 hsp_cells=221859738150 secs=680
  thr33  batches=8268 targets=529152 hsp=1068966443 hsp_cells=221685248741 secs=680
  thr34  batches=8001 targets=512064 hsp=1035735342 hsp_cells=215108676655 secs=680
  thr35  batches=8000 targets=512000 hsp=1036437228 hsp_cells=215170974636 secs=680
  thr36  batches=6921 targets=442944 hsp=895743049 hsp_cells=185858887275 secs=680
  thr37  batches=6946 targets=444544 hsp=897606856 hsp_cells=186084392944 secs=680
  thr38  batches=8183 targets=523712 hsp=1061329088 hsp_cells=220353092787 secs=680
  thr39  batches=6935 targets=443840 hsp=898033380 hsp_cells=186508359677 secs=680
  thr40  batches=7016 targets=449024 hsp=906827094 hsp_cells=188076491196 secs=680
  thr41  batches=5707 targets=365248 hsp=737853604 hsp_cells=153089803915 secs=680
  thr42  batches=6764 targets=432896 hsp=873823872 hsp_cells=181215491312 secs=680
  thr43  batches=4945 targets=316480 hsp=641461155 hsp_cells=133343001888 secs=680
  thr44  batches=4929 targets=315456 hsp=637733548 hsp_cells=132368178187 secs=680
  thr45  batches=6728 targets=430592 hsp=870830171 hsp_cells=180734299676 secs=680
  thr46  batches=6931 targets=443584 hsp=895447785 hsp_cells=185669046371 secs=680
  thr47  batches=6651 targets=425664 hsp=861942640 hsp_cells=179073950380 secs=680
  thr48  batches=5893 targets=377152 hsp=761466498 hsp_cells=157960437031 secs=680
  thr49  batches=5773 targets=369472 hsp=744629198 hsp_cells=154102413586 secs=680
  thr50  batches=6655 targets=425920 hsp=860026882 hsp_cells=178276794649 secs=680
  thr51  batches=7324 targets=468736 hsp=947197374 hsp_cells=196638287904 secs=680
  thr52  batches=5569 targets=356416 hsp=720153778 hsp_cells=149328255805 secs=680
  thr53  batches=5517 targets=353088 hsp=712696403 hsp_cells=147803299424 secs=680
  thr54  batches=5919 targets=378816 hsp=765865353 hsp_cells=158842649742 secs=680
  thr55  batches=5913 targets=378432 hsp=764711004 hsp_cells=158660282719 secs=680
  thr56  batches=7932 targets=507648 hsp=1028649633 hsp_cells=213689895653 secs=680
  thr57  batches=4949 targets=316736 hsp=639081321 hsp_cells=132458694334 secs=680
  thr58  batches=6864 targets=439296 hsp=888942337 hsp_cells=184518702770 secs=680
  thr59  batches=5530 targets=353920 hsp=715091167 hsp_cells=148297384757 secs=680
  thr60  batches=8347 targets=534208 hsp=1078619162 hsp_cells=223472233735 secs=680
  thr61  batches=6926 targets=443264 hsp=896405553 hsp_cells=185886130365 secs=680
  thr62  batches=8182 targets=523648 hsp=1056749600 hsp_cells=219114714212 secs=680
  thr63  batches=7939 targets=508096 hsp=1028488200 hsp_cells=213576674735 secs=680
  thr64  batches=6937 targets=443968 hsp=897562969 hsp_cells=186101365461 secs=680
  thr65  batches=5752 targets=368128 hsp=744482304 hsp_cells=154242819470 secs=680
  thr66  batches=8167 targets=522688 hsp=1054142306 hsp_cells=218321202950 secs=680
  thr67  batches=5549 targets=355136 hsp=716512540 hsp_cells=148406821972 secs=680
  thr68  batches=8255 targets=528320 hsp=1068199818 hsp_cells=221566707728 secs=680
  thr69  batches=5739 targets=367296 hsp=742760635 hsp_cells=154131964447 secs=680
  thr70  batches=8367 targets=535488 hsp=1083550128 hsp_cells=224751615705 secs=680
  thr71  batches=6623 targets=423872 hsp=857560262 hsp_cells=177922318809 secs=680
  thr72  batches=6996 targets=447744 hsp=906807660 hsp_cells=187978153303 secs=680
  thr73  batches=6732 targets=430848 hsp=870027386 hsp_cells=180444660282 secs=680
  thr74  batches=6554 targets=419456 hsp=848508783 hsp_cells=175997927261 secs=680
  thr75  batches=6813 targets=436032 hsp=882472806 hsp_cells=183116869998 secs=680
  thr76  batches=7986 targets=511104 hsp=1030860793 hsp_cells=213596202773 secs=680
  thr77  batches=5906 targets=377984 hsp=762553079 hsp_cells=158008768096 secs=680
  thr78  batches=6756 targets=432384 hsp=874166429 hsp_cells=181266136500 secs=680
  thr79  batches=8024 targets=513536 hsp=1038432354 hsp_cells=215411264704 secs=680
50519 targets, maxqpert 16
Kappa filter 680 secs
         0  Nu filter max accepts
     87000  Nu filter npair
        74  Nu filter nreject_fwd
      2896  Nu filter nreject_cmb
     84030  Nu filter pass
     12139  Mega filter reject
     67300  Mega filter pass
     11925  HSP Mega try
     11645  HSP Mega used
       280  HSP Mega reject (no full-SW fallback)
       280  HSP Mega reject low score/empty
         0  HSP Mega reject bad path
         0  HSP Mega long pair no seed
     11925  XDropHSP calls
     10277  XDropHSP ok merged
      1632  XDropHSP ok fwd-only
        12  XDropHSP ok bwd-only
         0  XDropHSP fail empty
         4  XDropHSP fail span
       197  XDropHSP fail bwd lo
         0  XDropHSP fail not local (no terminal M)
      1423  XDropHSP fwd no seed abut
       197  XDropHSP merge fell back to fwd
       743  XDropHSP path trimmed leading/trailing gaps
Nu filter 26 secs

Elapsed time 11:53
Max memory 4.30Gb
Finished Sun Aug 23 14:53:26 2026
Peak mem 4.56Gb, avg. CPU 127.1%
