
reseek v3.0.win64 [7320228-dirty]
C:\src\reseek\src\Release\reseek.exe -search ../data/cdn.bcb -db c:/data/cath40/cath40_annot.bcb -fast -stats sf -pvalue 1e-6 -columns query+target+qlo+qhi+tlo+thi+qcovpct+tcovpct+pctid+pvalue -output cdn_cath.hits -log cdn_cath.log 
Started Tue Aug 25 16:21:38 2026
[default_alphadir]: aa20+angle32+mendist32+nendist32+nensec32+pack32+pendist32+pm2+pmdd32+ppack32+rendist32+sec32+turnd32
fast sf

      0.89  open
     0.089  ext
      0.95  self_w
      0.64  rev_w
     0.045  lddt_w
         0  lddtx_w
  0.000175  dali_w
         0  dalix_w
       0.5  nu_filter_self_w
      0.29  nu_filter_rev_w
       114  nu_filter_min_fwd_score
        40  nu_filter_min_combined_score
         4  kappa_kmer_nrones
         7  kappa_kmer_width
   1048576  kappa_dict_size
        65  kappa_min_kmerpairscore
         0  kappa_min_diagscore
        32  kappa_min_chainlength
      1500  rsb_size
         0  kappa_hsp_rsb_prune
        33  kappa_max_pos_logodds
         0  kappa_onehitdiag
         0  kappa_twohitdiag
         1  hsp_align
         0  hsp_align_check
       500  hsp_align_min_length
        20  hsp_x2
           kappa_diag_mode  unique_fine
        12  nn_min_offset
       256  distmx_bandwidth
         5  turnd_w
         4  angle_n
LDDT: R0=15 thresholds 0.5 1.0 2.0 4.0

13 alphas, sum_sizes=374
      aa20    0.528  ■■■■■■■■■■■■■■■■■■■■■■■■■■■■■■■■■■■■■■■■■■
 nendist32    0.118  ■■■■■■■■■
    pack32    0.088  ■■■■■■■
   angle32    0.087  ■■■■■■
     sec32    0.059  ■■■■
   turnd32    0.035  ■■
 rendist32    0.022  ■
  nensec32    0.016  ■
 pendist32    0.015  ■
       pm2    0.014  ■
 mendist32    0.008  o
    pmdd32    0.008  o
   ppack32    0.002  o
     TOTAL    1.000
Index query k-mer neighborhoods
Kappa diag mode unique_fine
Kappa BCB batch_size=64  NDB=34381 threads=95 units=538
Kappa prefilter hits  24.0k
Kappa filter stats  NQ=16 NDB=34381 B=1500 idx_postings=38643
  targets=34381 skipped=0 postings_visited=6705267 prehsp=4385838
  hsp=4385838 hsp_prune=0 hsp_cells=700849616 rsb_qt=504926 rsb_sat=16
Kappa thread balance  nthreads=95 busy=95 batches=538 max_secs=0 min_busy_secs=0 sum_secs=0
Kappa phases pct  seed=8 diag=4 hsp=84 rsb=2
  thr0  batches=4 targets=256 hsp=39443 hsp_cells=7284805 secs=0
  thr1  batches=5 targets=320 hsp=40569 hsp_cells=6095386 secs=0
  thr2  batches=8 targets=512 hsp=64796 hsp_cells=10544650 secs=0
  thr3  batches=4 targets=256 hsp=33029 hsp_cells=5351368 secs=0
  thr4  batches=2 targets=128 hsp=17996 hsp_cells=2967125 secs=0
  thr5  batches=8 targets=512 hsp=61491 hsp_cells=9310612 secs=0
  thr6  batches=3 targets=192 hsp=29803 hsp_cells=5230959 secs=0
  thr7  batches=6 targets=384 hsp=47727 hsp_cells=7743378 secs=0
  thr8  batches=3 targets=192 hsp=18676 hsp_cells=2393528 secs=0
  thr9  batches=10 targets=640 hsp=90633 hsp_cells=15200427 secs=0
  thr10  batches=4 targets=256 hsp=31508 hsp_cells=5522900 secs=0
  thr11  batches=4 targets=256 hsp=32454 hsp_cells=4802013 secs=0
  thr12  batches=7 targets=448 hsp=48942 hsp_cells=7178073 secs=0
  thr13  batches=7 targets=448 hsp=60301 hsp_cells=9726410 secs=0
  thr14  batches=7 targets=448 hsp=59610 hsp_cells=9694175 secs=0
  thr15  batches=7 targets=448 hsp=51012 hsp_cells=8159082 secs=0
  thr16  batches=6 targets=384 hsp=46957 hsp_cells=7079307 secs=0
  thr17  batches=5 targets=320 hsp=42842 hsp_cells=7058568 secs=0
  thr18  batches=4 targets=256 hsp=29326 hsp_cells=4161617 secs=0
  thr19  batches=5 targets=320 hsp=43160 hsp_cells=7007485 secs=0
  thr20  batches=8 targets=512 hsp=69464 hsp_cells=10856779 secs=0
  thr21  batches=3 targets=192 hsp=23805 hsp_cells=3417261 secs=0
  thr22  batches=4 targets=205 hsp=25886 hsp_cells=4268601 secs=0
  thr23  batches=9 targets=576 hsp=66776 hsp_cells=10267653 secs=0
  thr24  batches=6 targets=384 hsp=50877 hsp_cells=7904636 secs=0
  thr25  batches=1 targets=64 hsp=8627 hsp_cells=1278234 secs=0
  thr26  batches=6 targets=384 hsp=47631 hsp_cells=7480270 secs=0
  thr27  batches=12 targets=768 hsp=100613 hsp_cells=16279195 secs=0
  thr28  batches=3 targets=192 hsp=27689 hsp_cells=4306424 secs=0
  thr29  batches=8 targets=512 hsp=60130 hsp_cells=9579272 secs=0
  thr30  batches=7 targets=448 hsp=63338 hsp_cells=10403015 secs=0
  thr31  batches=8 targets=512 hsp=64305 hsp_cells=10257273 secs=0
  thr32  batches=7 targets=448 hsp=54724 hsp_cells=9030952 secs=0
  thr33  batches=5 targets=320 hsp=43606 hsp_cells=7107107 secs=0
  thr34  batches=3 targets=192 hsp=22561 hsp_cells=3417223 secs=0
  thr35  batches=2 targets=128 hsp=15602 hsp_cells=2625208 secs=0
  thr36  batches=4 targets=256 hsp=34041 hsp_cells=6122763 secs=0
  thr37  batches=3 targets=192 hsp=23325 hsp_cells=3821230 secs=0
  thr38  batches=6 targets=384 hsp=45220 hsp_cells=6952892 secs=0
  thr39  batches=5 targets=320 hsp=34387 hsp_cells=5403073 secs=0
  thr40  batches=4 targets=256 hsp=28462 hsp_cells=4272006 secs=0
  thr41  batches=4 targets=256 hsp=33693 hsp_cells=5377153 secs=0
  thr42  batches=5 targets=320 hsp=40063 hsp_cells=6340316 secs=0
  thr43  batches=7 targets=448 hsp=65845 hsp_cells=11142421 secs=0
  thr44  batches=6 targets=384 hsp=54577 hsp_cells=9107481 secs=0
  thr45  batches=2 targets=128 hsp=14813 hsp_cells=2377039 secs=0
  thr46  batches=5 targets=320 hsp=41799 hsp_cells=6518435 secs=0
  thr47  batches=5 targets=320 hsp=38455 hsp_cells=5924513 secs=0
  thr48  batches=6 targets=384 hsp=53858 hsp_cells=8894741 secs=0
  thr49  batches=6 targets=384 hsp=40707 hsp_cells=6021338 secs=0
  thr50  batches=3 targets=192 hsp=26248 hsp_cells=4256212 secs=0
  thr51  batches=2 targets=128 hsp=17794 hsp_cells=2867763 secs=0
  thr52  batches=6 targets=384 hsp=46076 hsp_cells=7071569 secs=0
  thr53  batches=7 targets=448 hsp=56268 hsp_cells=8915167 secs=0
  thr54  batches=7 targets=448 hsp=58097 hsp_cells=9170558 secs=0
  thr55  batches=4 targets=256 hsp=32537 hsp_cells=5018207 secs=0
  thr56  batches=9 targets=576 hsp=76842 hsp_cells=12766579 secs=0
  thr57  batches=1 targets=64 hsp=8678 hsp_cells=1295920 secs=0
  thr58  batches=5 targets=320 hsp=41823 hsp_cells=6366909 secs=0
  thr59  batches=9 targets=576 hsp=89254 hsp_cells=15374873 secs=0
  thr60  batches=4 targets=256 hsp=29188 hsp_cells=4372901 secs=0
  thr61  batches=3 targets=192 hsp=27286 hsp_cells=4860923 secs=0
  thr62  batches=6 targets=384 hsp=45866 hsp_cells=7573231 secs=0
  thr63  batches=6 targets=384 hsp=55384 hsp_cells=9041215 secs=0
  thr64  batches=6 targets=384 hsp=50358 hsp_cells=8222487 secs=0
  thr65  batches=5 targets=320 hsp=37650 hsp_cells=5676732 secs=0
  thr66  batches=7 targets=448 hsp=58145 hsp_cells=9421803 secs=0
  thr67  batches=7 targets=448 hsp=54557 hsp_cells=8148692 secs=0
  thr68  batches=8 targets=512 hsp=62918 hsp_cells=9849918 secs=0
  thr69  batches=8 targets=512 hsp=61527 hsp_cells=9048439 secs=0
  thr70  batches=5 targets=320 hsp=50960 hsp_cells=8578061 secs=0
  thr71  batches=4 targets=256 hsp=36488 hsp_cells=6388669 secs=0
  thr72  batches=6 targets=384 hsp=51700 hsp_cells=8348538 secs=0
  thr73  batches=9 targets=576 hsp=68836 hsp_cells=10437829 secs=0
  thr74  batches=7 targets=448 hsp=54987 hsp_cells=9231337 secs=0
  thr75  batches=6 targets=384 hsp=49487 hsp_cells=7978551 secs=0
  thr76  batches=9 targets=576 hsp=72775 hsp_cells=11757470 secs=0
  thr77  batches=8 targets=512 hsp=66145 hsp_cells=10515459 secs=0
  thr78  batches=6 targets=384 hsp=47466 hsp_cells=7341580 secs=0
  thr79  batches=4 targets=256 hsp=30711 hsp_cells=5094317 secs=0
  thr80  batches=10 targets=640 hsp=78953 hsp_cells=11899726 secs=0
  thr81  batches=9 targets=576 hsp=67038 hsp_cells=10964152 secs=0
  thr82  batches=2 targets=128 hsp=16910 hsp_cells=2402216 secs=0
  thr83  batches=9 targets=576 hsp=70931 hsp_cells=11136523 secs=0
  thr84  batches=7 targets=448 hsp=58305 hsp_cells=9671987 secs=0
  thr85  batches=2 targets=128 hsp=14773 hsp_cells=2391432 secs=0
  thr86  batches=4 targets=256 hsp=30519 hsp_cells=4745259 secs=0
  thr87  batches=7 targets=448 hsp=61153 hsp_cells=9907618 secs=0
  thr88  batches=8 targets=512 hsp=66757 hsp_cells=10581340 secs=0
  thr89  batches=6 targets=384 hsp=43330 hsp_cells=6816093 secs=0
  thr90  batches=10 targets=640 hsp=76618 hsp_cells=12242818 secs=0
  thr91  batches=6 targets=384 hsp=48529 hsp_cells=7565694 secs=0
  thr92  batches=5 targets=320 hsp=39230 hsp_cells=6154766 secs=0
  thr93  batches=4 targets=256 hsp=38249 hsp_cells=6425907 secs=0
  thr94  batches=3 targets=192 hsp=23338 hsp_cells=3685804 secs=0
7787 targets, maxqpert 15
Kappa filter 0 secs
         0  Nu filter max accepts
     24000  Nu filter npair
      3646  Nu filter nreject_fwd
     11684  Nu filter nreject_cmb
      8670  Nu filter pass
      3932  Mega filter reject
      2698  Mega filter pass
        41  HSP Mega try
        32  HSP Mega used
         9  HSP Mega reject (no full-SW fallback)
         9  HSP Mega reject low score/empty
         0  HSP Mega reject bad path
         0  HSP Mega long pair no seed
        41  XDropHSP calls
        32  XDropHSP ok merged
         9  XDropHSP ok fwd-only
         0  XDropHSP ok bwd-only
         0  XDropHSP fail empty
         0  XDropHSP fail span
         0  XDropHSP fail bwd lo
         0  XDropHSP fail not local (no terminal M)
         7  XDropHSP fwd no seed abut
         0  XDropHSP merge fell back to fwd
         3  XDropHSP path trimmed leading/trailing gaps
Nu filter 1 secs

Elapsed time 00:01
Max memory 3.41Gb
Finished Tue Aug 25 16:21:39 2026
Peak mem 378Mb, avg. CPU 58.6%
